dhruv at 19:24:04 went to region b from region c
dhruv at 19:24:05 went to region a from region b
dhruv at 19:24:06 went to region b from region a
dhruv at 19:24:06 went to region c from region b
dhruv at 19:24:06 went to region d from region c
dhruv at 19:24:06 went to region c from region d
dhruv at 19:24:06 went to region d from region c
dhruv at 19:24:07 went to region e from region d
dhruv at 19:24:07 went to region d from region e
dhruv at 19:24:08 went to region e from region d
bro at 19:24:20 went to region b from region c
bro at 19:24:20 went to region c from region b
bro at 19:24:20 went to region d from region c
bro at 19:24:21 went to region e from region d
bro at 19:24:22 went to region d from region e
bro at 19:24:24 went to region e from region d
bro at 19:24:24 went to region d from region e
bro at 19:24:24 went to region c from region d
bro at 19:24:24 went to region b from region c
bro at 19:24:24 went to region a from region b
dhruv at 19:24:25 went to region b from region e
dhruv at 19:24:25 went to region c from region b
dhruv at 19:24:25 went to region d from region c
dhruv at 19:24:25 went to region e from region d
bro at 19:24:25 went to region b from region a
bro at 19:24:25 went to region a from region b
bro at 19:24:26 went to region b from region a
bro at 19:24:26 went to region c from region b
bro at 19:24:26 went to region b from region c
bro at 19:24:26 went to region c from region b
bro at 19:24:26 went to region d from region c
bro at 19:24:27 went to region c from region d
bro at 19:24:27 went to region b from region c
bro at 19:24:27 went to region c from region b
bro at 19:24:27 went to region d from region c
bro at 19:24:27 went to region c from region d
bro at 19:24:27 went to region b from region c
bro at 19:24:27 went to region c from region b
bro at 19:24:27 went to region d from region c
bro at 19:24:27 went to region e from region d
bro at 19:24:28 went to region d from region e
bro at 19:24:28 went to region c from region d
bro at 19:24:28 went to region b from region c
bro at 19:24:30 went to region a from region b
bro at 19:24:30 went to region b from region a
bro at 19:24:30 went to region c from region b
dhruv at 19:24:35 went to region d from region e
dhruv at 19:24:35 went to region c from region d
dhruv at 19:24:35 went to region d from region c
dhruv at 19:24:35 went to region c from region d
dhruv at 19:24:35 went to region b from region c
dhruv at 19:24:36 went to region c from region b
dhruv at 19:24:36 went to region b from region c
dhruv at 19:24:36 went to region c from region b
dhruv at 19:24:36 went to region d from region c
dhruv at 19:24:36 went to region c from region d
dhruv at 19:24:36 went to region b from region c
dhruv at 19:24:36 went to region c from region b
dhruv at 19:24:37 went to region b from region c
dhruv at 19:24:37 went to region a from region b
dhruv at 19:24:37 went to region b from region a
dhruv at 19:24:37 went to region c from region b
dhruv at 19:24:37 went to region b from region c
dhruv at 19:24:37 went to region a from region b
dhruv at 19:24:37 went to region b from region a
dhruv at 19:24:37 went to region c from region b
dhruv at 19:24:38 went to region b from region c
dhruv at 19:24:38 went to region c from region b
dhruv at 19:24:52 went to region e from region c
bro at 19:24:53 went to region a from region c
bro at 19:24:53 went to region b from region a
bro at 19:24:53 went to region c from region b
bro at 19:24:53 went to region d from region c
bro at 19:24:53 went to region e from region d
bro at 19:24:54 went to region d from region e
bro at 19:24:54 went to region c from region d
bro at 19:24:55 went to region d from region c
bro at 19:24:55 went to region e from region d
bro at 19:24:55 went to region d from region e
bro at 19:24:55 went to region c from region d
bro at 19:24:55 went to region d from region c
bro at 19:24:55 went to region c from region d
bro at 19:24:55 went to region b from region c
bro at 19:24:55 went to region a from region b
bro at 19:24:55 went to region b from region a
bro at 19:24:55 went to region c from region b
bro at 19:24:55 went to region d from region c
bro at 19:24:56 went to region c from region d
bro at 19:24:56 went to region b from region c
bro at 19:24:57 went to region c from region b
bro at 19:24:58 went to region d from region c
bro at 19:24:58 went to region c from region d
bro at 19:24:58 went to region b from region c
bro at 19:24:58 went to region c from region b
bro at 19:24:59 went to region b from region c
bro at 19:24:59 went to region c from region b
bro at 19:24:59 went to region d from region c
bro at 19:25:00 went to region c from region d
bro at 19:25:00 went to region b from region c
bro at 19:25:00 went to region c from region b
bro at 19:25:00 went to region d from region c
bro at 19:25:00 went to region c from region d
bro at 19:25:01 went to region d from region c
bro at 19:25:01 went to region e from region d
bro at 19:25:01 went to region d from region e
bro at 19:25:01 went to region c from region d
bro at 19:25:01 went to region b from region c
bro at 19:25:01 went to region a from region b
bro at 19:25:01 went to region b from region a
bro at 19:25:01 went to region c from region b
bro at 19:25:01 went to region d from region c
bro at 19:25:01 went to region c from region d
bro at 19:25:01 went to region b from region c
bro at 19:25:01 went to region a from region b
bro at 19:25:01 went to region b from region a
bro at 19:25:01 went to region c from region b
bro at 19:25:01 went to region d from region c
bro at 19:25:02 went to region c from region d
dhruv at 19:25:04 went to region d from region e
dhruv at 19:25:04 went to region e from region d
dhruv at 19:25:04 went to region d from region e
dhruv at 19:25:04 went to region c from region d
dhruv at 19:25:04 went to region d from region c
dhruv at 19:25:04 went to region e from region d
dhruv at 19:25:04 went to region d from region e
dhruv at 19:25:04 went to region c from region d
dhruv at 19:25:05 went to region d from region c
dhruv at 19:25:05 went to region e from region d
dhruv at 19:25:05 went to region d from region e
dhruv at 19:25:05 went to region c from region d
dhruv at 19:25:05 went to region d from region c
dhruv at 19:25:05 went to region c from region d
dhruv at 19:25:05 went to region b from region c
dhruv at 19:25:05 went to region a from region b
dhruv at 19:25:06 went to region b from region a
dhruv at 19:25:06 went to region c from region b
dhruv at 19:25:06 went to region b from region c
dhruv at 19:25:06 went to region a from region b
dhruv at 19:25:06 went to region b from region a
dhruv at 19:25:06 went to region c from region b
dhruv at 19:25:06 went to region d from region c
dhruv at 19:25:06 went to region c from region d
dhruv at 19:25:06 went to region b from region c
dhruv at 19:25:06 went to region c from region b
dhruv at 19:25:06 went to region d from region c
dhruv at 19:25:06 went to region c from region d
dhruv at 19:25:06 went to region d from region c
dhruv at 19:25:06 went to region c from region d
bro at 19:25:14 went to region b from region c
bro at 19:25:15 went to region c from region b
bro at 19:25:15 went to region d from region c
bro at 19:25:15 went to region c from region d
bro at 19:25:15 went to region d from region c
bro at 19:25:15 went to region c from region d
bro at 19:25:15 went to region b from region c
bro at 19:25:15 went to region c from region b
bro at 19:25:15 went to region d from region c
bro at 19:25:15 went to region c from region d
bro at 19:25:15 went to region b from region c
bro at 19:25:16 went to region c from region b
