Dhruv R Bandikatte at 01:06:18 went to region e from region c
Dhruv R Bandikatte at 01:06:29 went to region d from region e
Dhruv R Bandikatte at 01:06:29 went to region c from region d
Dhruv R Bandikatte at 01:06:29 went to region b from region c
Dhruv R Bandikatte at 01:06:30 went to region c from region b
Dhruv R Bandikatte at 01:06:30 went to region d from region c
Dhruv R Bandikatte at 01:06:30 went to region c from region d
Dhruv R Bandikatte at 01:06:30 went to region b from region c
Dhruv R Bandikatte at 01:06:31 went to region c from region b
Dhruv R Bandikatte at 01:06:31 went to region b from region c
Dhruv R Bandikatte at 01:06:34 went to region c from region b
Dhruv R Bandikatte at 01:06:34 went to region d from region c
Dhruv R Bandikatte at 01:06:34 went to region e from region d
Dhruv R Bandikatte at 01:06:36 went to region d from region e
Dhruv R Bandikatte at 01:06:40 went to region e from region d
Dhruv R Bandikatte at 01:06:51 went to region e from region c
Dhruv R Bandikatte at 01:06:51 went to region d from region e
Dhruv R Bandikatte at 01:06:51 went to region c from region d
Dhruv R Bandikatte at 01:06:55 went to region b from region c
Dhruv R Bandikatte at 01:06:57 went to region c from region b
Dhruv R Bandikatte at 01:06:57 went to region b from region c
Dhruv R Bandikatte at 01:07:00 went to region c from region b
Dhruv R Bandikatte at 01:07:00 went to region d from region c
Dhruv R Bandikatte at 01:07:00 went to region e from region d
Dhruv R Bandikatte at 01:07:06 went to region d from region e
Dhruv R Bandikatte at 01:07:06 went to region c from region d
Dhruv R Bandikatte at 01:07:06 went to region b from region c
Dhruv R Bandikatte at 01:07:06 went to region c from region b
Dhruv R Bandikatte at 01:07:07 went to region d from region c
Dhruv R Bandikatte at 01:07:07 went to region c from region d
Dhruv R Bandikatte at 01:07:09 went to region d from region c
Dhruv R Bandikatte at 01:07:09 went to region e from region d
Dhruv R Bandikatte at 01:07:10 went to region d from region e
Dhruv R Bandikatte at 01:07:10 went to region e from region d
Dhruv R Bandikatte at 01:07:10 went to region d from region e
Dhruv R Bandikatte at 01:07:10 went to region c from region d
Dhruv R Bandikatte at 01:07:10 went to region d from region c
Dhruv R Bandikatte at 01:07:10 went to region e from region d
Dhruv R Bandikatte at 01:07:11 went to region d from region e
Dhruv R Bandikatte at 01:07:13 went to region e from region d
Dhruv R Bandikatte at 01:07:25 went to region d from region e
Dhruv R Bandikatte at 01:07:25 went to region c from region d
Dhruv R Bandikatte at 01:07:25 went to region b from region c
Dhruv R Bandikatte at 01:07:25 went to region a from region b
Dhruv R Bandikatte at 01:07:26 went to region b from region a
Dhruv R Bandikatte at 01:07:26 went to region c from region b
Dhruv R Bandikatte at 01:07:28 went to region b from region c
Dhruv R Bandikatte at 01:07:30 went to region c from region b
Dhruv R Bandikatte at 01:07:30 went to region d from region c
Dhruv R Bandikatte at 01:07:35 went to region e from region d
Dhruv R Bandikatte at 01:08:49 went to region d from region e
Dhruv R Bandikatte at 01:08:49 went to region c from region d
Dhruv R Bandikatte at 01:08:50 went to region b from region c
Dhruv R Bandikatte at 01:08:52 went to region c from region b
Dhruv R Bandikatte at 01:08:52 went to region d from region c
Dhruv R Bandikatte at 01:08:52 went to region e from region d
Dhruv R Bandikatte at 01:08:54 went to region d from region e
Dhruv R Bandikatte at 01:10:02 went to region e from region d
Dhruv R Bandikatte at 01:13:18 went to region e from region c
Dhruv R Bandikatte at 01:13:23 went to region b from region e
Dhruv R Bandikatte at 01:13:23 went to region c from region b
Dhruv R Bandikatte at 01:13:25 went to region b from region c
Dhruv R Bandikatte at 01:13:26 went to region c from region b
Dhruv R Bandikatte at 01:13:28 went to region d from region c
Dhruv R Bandikatte at 01:13:28 went to region c from region d
Dhruv R Bandikatte at 01:13:30 went to region b from region c
Dhruv R Bandikatte at 01:13:31 went to region c from region b
Dhruv R Bandikatte at 01:13:32 went to region d from region c
Dhruv R Bandikatte at 01:13:32 went to region e from region d
Dhruv R Bandikatte at 01:13:36 went to region d from region e
Dhruv R Bandikatte at 01:13:36 went to region c from region d
Dhruv R Bandikatte at 01:13:36 went to region d from region c
Dhruv R Bandikatte at 01:13:36 went to region c from region d
Dhruv R Bandikatte at 01:13:36 went to region d from region c
Dhruv R Bandikatte at 01:13:36 went to region e from region d
Dhruv R Bandikatte at 01:13:36 went to region d from region e
Dhruv R Bandikatte at 01:13:36 went to region e from region d
Dhruv R Bandikatte at 01:13:38 went to region d from region e
Dhruv R Bandikatte at 01:13:38 went to region e from region d
Dhruv R Bandikatte at 01:13:39 went to region d from region e
Dhruv R Bandikatte at 01:13:39 went to region c from region d
Dhruv R Bandikatte at 01:13:39 went to region b from region c
Dhruv R Bandikatte at 01:13:40 went to region c from region b
Dhruv R Bandikatte at 01:13:40 went to region d from region c
Dhruv R Bandikatte at 01:13:41 went to region c from region d
Dhruv R Bandikatte at 01:14:08 went to region e from region c
Dhruv R Bandikatte at 01:14:08 went to region d from region e
Dhruv R Bandikatte at 01:14:08 went to region c from region d
Dhruv R Bandikatte at 01:14:08 went to region b from region c
Dhruv R Bandikatte at 01:14:08 went to region a from region b
Dhruv R Bandikatte at 01:14:09 went to region b from region a
Dhruv R Bandikatte at 01:14:09 went to region c from region b
Dhruv R Bandikatte at 01:14:09 went to region b from region c
Dhruv R Bandikatte at 01:14:10 went to region c from region b
Dhruv R Bandikatte at 01:14:10 went to region d from region c
Dhruv R Bandikatte at 01:14:10 went to region e from region d
Dhruv R Bandikatte at 01:14:11 went to region c from region e
Dhruv R Bandikatte at 01:14:11 went to region b from region c
Dhruv R Bandikatte at 01:14:13 went to region c from region b
Dhruv R Bandikatte at 01:14:13 went to region b from region c
Dhruv R Bandikatte at 01:14:14 went to region c from region b
Dhruv R Bandikatte at 01:14:14 went to region b from region c
Dhruv R Bandikatte at 01:14:14 went to region c from region b
Dhruv R Bandikatte at 01:14:14 went to region d from region c
Dhruv R Bandikatte at 01:14:15 went to region e from region d
Dhruv R Bandikatte at 01:15:28 went to region d from region e
Dhruv R Bandikatte at 01:15:29 went to region e from region d
Dhruv R Bandikatte at 01:15:32 went to region d from region e
Dhruv R Bandikatte at 01:15:32 went to region c from region d
Dhruv R Bandikatte at 01:15:32 went to region b from region c
Dhruv R Bandikatte at 01:15:32 went to region c from region b
Dhruv R Bandikatte at 01:15:32 went to region d from region c
Dhruv R Bandikatte at 01:15:32 went to region e from region d
Dhruv R Bandikatte at 01:15:32 went to region d from region e
Dhruv R Bandikatte at 01:15:32 went to region a from region d
Dhruv R Bandikatte at 01:15:33 went to region b from region a
Dhruv R Bandikatte at 01:15:33 went to region c from region b
Dhruv R Bandikatte at 01:15:33 went to region d from region c
Dhruv R Bandikatte at 01:15:33 went to region e from region d
Dhruv R Bandikatte at 01:16:30 went to region e from region c
Dhruv R Bandikatte at 01:16:33 went to region e from region c
Dhruv R Bandikatte at 01:16:33 went to region d from region e
Dhruv R Bandikatte at 01:16:33 went to region c from region d
Dhruv R Bandikatte at 01:16:41 went to region e from region c
Dhruv R Bandikatte at 01:16:41 went to region d from region e
Dhruv R Bandikatte at 01:16:42 went to region c from region d
Dhruv R Bandikatte at 01:16:42 went to region b from region c
Dhruv R Bandikatte at 01:16:42 went to region c from region b
Dhruv R Bandikatte at 01:16:42 went to region d from region c
Dhruv R Bandikatte at 01:16:43 went to region c from region d
Dhruv R Bandikatte at 01:16:43 went to region b from region c
Dhruv R Bandikatte at 01:16:48 went to region c from region b
Dhruv R Bandikatte at 01:16:49 went to region d from region c
Dhruv R Bandikatte at 01:16:49 went to region c from region d
Dhruv R Bandikatte at 01:16:50 went to region d from region c
Dhruv R Bandikatte at 01:16:50 went to region e from region d
Dhruv R Bandikatte at 01:17:12 went to region b from region e
Dhruv R Bandikatte at 01:17:12 went to region c from region b
Dhruv R Bandikatte at 01:17:13 went to region d from region c
Dhruv R Bandikatte at 01:17:14 went to region c from region d
Dhruv R Bandikatte at 01:17:14 went to region b from region c
Dhruv R Bandikatte at 01:17:15 went to region c from region b
Dhruv R Bandikatte at 01:17:15 went to region d from region c
Dhruv R Bandikatte at 01:17:15 went to region e from region d
Dhruv R Bandikatte at 01:17:16 went to region d from region e
Dhruv R Bandikatte at 01:17:16 went to region e from region d
Dhruv R Bandikatte at 01:17:17 went to region d from region e
Dhruv R Bandikatte at 01:17:24 went to region e from region d
Dhruv R Bandikatte at 01:17:51 went to region d from region e
Dhruv R Bandikatte at 01:17:51 went to region c from region d
Dhruv R Bandikatte at 01:17:52 went to region d from region c
Dhruv R Bandikatte at 01:17:52 went to region c from region d
Dhruv R Bandikatte at 01:17:56 went to region d from region c
Dhruv R Bandikatte at 01:17:56 went to region e from region d
Dhruv R Bandikatte at 01:17:58 went to region d from region e
Dhruv R Bandikatte at 01:17:59 went to region c from region d
Dhruv R Bandikatte at 01:18:00 went to region d from region c
Dhruv R Bandikatte at 01:18:00 went to region e from region d
Dhruv R Bandikatte at 01:18:01 went to region d from region e
Dhruv R Bandikatte at 01:18:02 went to region c from region d
Dhruv R Bandikatte at 01:18:02 went to region d from region c
Dhruv R Bandikatte at 01:18:02 went to region e from region d
Dhruv R Bandikatte at 01:18:03 went to region d from region e
Dhruv R Bandikatte at 01:18:03 went to region c from region d
Dhruv R Bandikatte at 01:18:04 went to region b from region c
Dhruv R Bandikatte at 01:18:06 went to region c from region b
Dhruv R Bandikatte at 01:18:06 went to region b from region c
Dhruv R Bandikatte at 01:18:06 went to region c from region b
Dhruv R Bandikatte at 01:18:06 went to region d from region c
Dhruv R Bandikatte at 01:18:06 went to region c from region d
Dhruv R Bandikatte at 01:20:23 went to region e from region c
Dhruv R Bandikatte at 01:20:23 went to region d from region e
Dhruv R Bandikatte at 01:20:24 went to region e from region d
Dhruv R Bandikatte at 01:20:24 went to region d from region e
Dhruv R Bandikatte at 01:20:39 went to region e from region d
Dhruv R Bandikatte at 01:21:25 went to region e from region c
Dhruv R Bandikatte at 01:23:15 went to region e from region c
Dhruv R Bandikatte at 01:23:15 went to region d from region e
Dhruv R Bandikatte at 01:23:15 went to region c from region d
Dhruv R Bandikatte at 01:23:16 went to region b from region c
Dhruv R Bandikatte at 01:23:17 went to region a from region b
Dhruv R Bandikatte at 01:23:17 went to region b from region a
Dhruv R Bandikatte at 01:23:17 went to region c from region b
Dhruv R Bandikatte at 01:23:19 went to region b from region c
Dhruv R Bandikatte at 01:23:19 went to region c from region b
Dhruv R Bandikatte at 01:23:19 went to region d from region c
Dhruv R Bandikatte at 01:23:20 went to region e from region d
Dhruv R Bandikatte at 01:23:29 went to region d from region e
Dhruv R Bandikatte at 01:23:29 went to region e from region d
Dhruv R Bandikatte at 01:23:31 went to region d from region e
Dhruv R Bandikatte at 01:23:33 went to region e from region d
Dhruv R Bandikatte at 01:23:34 went to region d from region e
Dhruv R Bandikatte at 01:23:34 went to region c from region d
Dhruv R Bandikatte at 01:23:35 went to region d from region c
Dhruv R Bandikatte at 01:23:36 went to region c from region d
Dhruv R Bandikatte at 01:23:36 went to region d from region c
Dhruv R Bandikatte at 01:23:36 went to region e from region d
Dhruv R Bandikatte at 01:23:37 went to region d from region e
Dhruv R Bandikatte at 01:23:37 went to region c from region d
Dhruv R Bandikatte at 01:23:38 went to region d from region c
Dhruv R Bandikatte at 01:23:38 went to region e from region d
Dhruv R Bandikatte at 01:23:39 went to region d from region e
Dhruv R Bandikatte at 01:23:40 went to region e from region d
Dhruv R Bandikatte at 01:23:40 went to region d from region e
Dhruv R Bandikatte at 01:23:41 went to region e from region d
Dhruv R Bandikatte at 01:23:41 went to region d from region e
Dhruv R Bandikatte at 01:23:41 went to region c from region d
Dhruv R Bandikatte at 01:23:42 went to region b from region c
Dhruv R Bandikatte at 01:23:43 went to region c from region b
Dhruv R Bandikatte at 01:23:43 went to region d from region c
Dhruv R Bandikatte at 01:23:43 went to region c from region d
Dhruv R Bandikatte at 01:23:44 went to region b from region c
Dhruv R Bandikatte at 01:23:44 went to region c from region b
Dhruv R Bandikatte at 01:23:44 went to region d from region c
Dhruv R Bandikatte at 01:23:44 went to region e from region d
Dhruv R Bandikatte at 01:23:45 went to region d from region e
Dhruv R Bandikatte at 01:23:45 went to region c from region d
Dhruv R Bandikatte at 01:23:45 went to region d from region c
Dhruv R Bandikatte at 01:23:45 went to region e from region d
Dhruv R Bandikatte at 01:23:46 went to region d from region e
Dhruv R Bandikatte at 01:23:46 went to region e from region d
Dhruv R Bandikatte at 01:23:46 went to region d from region e
Dhruv R Bandikatte at 01:23:46 went to region e from region d
Dhruv R Bandikatte at 01:23:47 went to region d from region e
Dhruv R Bandikatte at 01:23:48 went to region e from region d
Dhruv R Bandikatte at 01:23:48 went to region d from region e
Dhruv R Bandikatte at 01:23:48 went to region c from region d
Dhruv R Bandikatte at 01:23:49 went to region d from region c
Dhruv R Bandikatte at 01:23:49 went to region c from region d
Dhruv R Bandikatte at 01:23:49 went to region b from region c
Dhruv R Bandikatte at 01:23:50 went to region a from region b
Dhruv R Bandikatte at 01:23:50 went to region b from region a
Dhruv R Bandikatte at 01:23:50 went to region c from region b
Dhruv R Bandikatte at 01:23:50 went to region d from region c
Dhruv R Bandikatte at 01:23:50 went to region e from region d
Dhruv R Bandikatte at 01:23:51 went to region d from region e
Dhruv R Bandikatte at 01:23:51 went to region c from region d
Dhruv R Bandikatte at 01:23:51 went to region b from region c
Dhruv R Bandikatte at 01:23:52 went to region a from region b
Dhruv R Bandikatte at 01:23:52 went to region b from region a
Dhruv R Bandikatte at 01:23:52 went to region c from region b
Dhruv R Bandikatte at 01:23:52 went to region d from region c
Dhruv R Bandikatte at 01:23:52 went to region e from region d
Dhruv R Bandikatte at 01:23:54 went to region d from region e
Dhruv R Bandikatte at 01:23:57 went to region e from region d
Dhruv R Bandikatte at 01:24:00 went to region d from region e
Dhruv R Bandikatte at 01:24:01 went to region e from region d
Dhruv R Bandikatte at 01:24:01 went to region d from region e
Dhruv R Bandikatte at 01:24:01 went to region c from region d
Dhruv R Bandikatte at 01:24:01 went to region b from region c
Dhruv R Bandikatte at 01:24:02 went to region c from region b
Dhruv R Bandikatte at 01:24:02 went to region d from region c
Dhruv R Bandikatte at 01:24:08 went to region e from region d
Dhruv R Bandikatte at 01:24:09 went to region d from region e
Dhruv R Bandikatte at 01:24:09 went to region c from region d
Dhruv R Bandikatte at 01:24:10 went to region d from region c
Dhruv R Bandikatte at 01:24:10 went to region e from region d
Dhruv R Bandikatte at 01:24:12 went to region d from region e
Dhruv R Bandikatte at 01:24:12 went to region e from region d
Dhruv R Bandikatte at 01:24:13 went to region d from region e
Dhruv R Bandikatte at 01:24:13 went to region c from region d
Dhruv R Bandikatte at 01:24:13 went to region d from region c
Dhruv R Bandikatte at 01:24:14 went to region e from region d
Dhruv R Bandikatte at 01:24:15 went to region d from region e
Dhruv R Bandikatte at 01:24:15 went to region e from region d
Dhruv R Bandikatte at 01:24:27 went to region d from region e
Dhruv R Bandikatte at 01:24:28 went to region e from region d
Dhruv R Bandikatte at 01:24:28 went to region d from region e
Dhruv R Bandikatte at 01:24:28 went to region e from region d
Dhruv R Bandikatte at 01:24:29 went to region d from region e
Dhruv R Bandikatte at 01:24:29 went to region c from region d
Dhruv R Bandikatte at 01:24:30 went to region d from region c
Dhruv R Bandikatte at 01:24:32 went to region c from region d
Dhruv R Bandikatte at 01:24:33 went to region d from region c
Dhruv R Bandikatte at 01:24:42 went to region e from region c
Dhruv R Bandikatte at 01:24:43 went to region d from region e
Dhruv R Bandikatte at 01:24:44 went to region e from region d
Dhruv R Bandikatte at 01:24:45 went to region d from region e
Dhruv R Bandikatte at 01:24:45 went to region c from region d
Dhruv R Bandikatte at 01:24:46 went to region d from region c
Dhruv R Bandikatte at 01:24:46 went to region e from region d
Dhruv R Bandikatte at 01:24:46 went to region d from region e
Dhruv R Bandikatte at 01:24:46 went to region c from region d
Dhruv R Bandikatte at 01:24:47 went to region b from region c
Dhruv R Bandikatte at 01:24:48 went to region c from region b
Dhruv R Bandikatte at 01:24:48 went to region d from region c
Dhruv R Bandikatte at 01:24:48 went to region e from region d
Dhruv R Bandikatte at 01:24:48 went to region d from region e
Dhruv R Bandikatte at 01:24:48 went to region c from region d
Dhruv R Bandikatte at 01:24:49 went to region d from region c
Dhruv R Bandikatte at 01:24:49 went to region e from region d
Dhruv R Bandikatte at 01:25:20 went to region b from region e
Dhruv R Bandikatte at 01:25:20 went to region c from region b
Dhruv R Bandikatte at 01:25:20 went to region d from region c
Dhruv R Bandikatte at 01:25:21 went to region c from region d
Dhruv R Bandikatte at 01:25:21 went to region d from region c
Dhruv R Bandikatte at 01:25:21 went to region e from region d
Dhruv R Bandikatte at 01:25:22 went to region d from region e
Dhruv R Bandikatte at 01:25:23 went to region e from region d
Dhruv R Bandikatte at 01:25:23 went to region d from region e
Dhruv R Bandikatte at 01:25:24 went to region e from region d
Dhruv R Bandikatte at 01:25:26 went to region d from region e
Dhruv R Bandikatte at 01:25:27 went to region c from region d
Dhruv R Bandikatte at 01:25:27 went to region d from region c
Dhruv R Bandikatte at 01:25:28 went to region c from region d
Dhruv R Bandikatte at 01:25:28 went to region d from region c
Dhruv R Bandikatte at 01:25:28 went to region e from region d
Dhruv R Bandikatte at 01:25:29 went to region d from region e
Dhruv R Bandikatte at 01:25:31 went to region e from region d
Dhruv R Bandikatte at 01:25:38 went to region d from region e
Dhruv R Bandikatte at 01:25:39 went to region c from region d
Dhruv R Bandikatte at 01:25:40 went to region e from region c
Dhruv R Bandikatte at 01:25:53 went to region d from region e
Dhruv R Bandikatte at 01:25:54 went to region e from region d
Dhruv R Bandikatte at 01:26:01 went to region d from region e
Dhruv R Bandikatte at 01:26:01 went to region c from region d
Dhruv R Bandikatte at 01:26:01 went to region b from region c
Dhruv R Bandikatte at 01:26:02 went to region a from region b
Dhruv R Bandikatte at 01:26:03 went to region b from region a
Dhruv R Bandikatte at 01:26:03 went to region c from region b
Dhruv R Bandikatte at 01:26:03 went to region b from region c
Dhruv R Bandikatte at 01:26:07 went to region a from region b
Dhruv R Bandikatte at 01:26:07 went to region b from region a
Dhruv R Bandikatte at 01:26:07 went to region c from region b
Dhruv R Bandikatte at 01:26:08 went to region d from region c
Dhruv R Bandikatte at 01:26:08 went to region e from region d
Dhruv R Bandikatte at 01:26:16 went to region d from region e
Dhruv R Bandikatte at 01:26:16 went to region c from region d
Dhruv R Bandikatte at 01:26:16 went to region b from region c
Dhruv R Bandikatte at 01:26:17 went to region a from region b
Dhruv R Bandikatte at 01:26:17 went to region b from region a
Dhruv R Bandikatte at 01:26:17 went to region c from region b
Dhruv R Bandikatte at 01:26:17 went to region d from region c
Dhruv R Bandikatte at 01:26:18 went to region e from region d
Dhruv R Bandikatte at 01:26:20 went to region d from region e
Dhruv R Bandikatte at 01:26:20 went to region c from region d
Dhruv R Bandikatte at 01:26:20 went to region b from region c
Dhruv R Bandikatte at 01:26:21 went to region c from region b
Dhruv R Bandikatte at 01:26:21 went to region d from region c
Dhruv R Bandikatte at 01:26:22 went to region c from region d
Dhruv R Bandikatte at 01:26:22 went to region b from region c
Dhruv R Bandikatte at 01:26:22 went to region a from region b
Dhruv R Bandikatte at 01:26:22 went to region b from region a
Dhruv R Bandikatte at 01:26:22 went to region c from region b
Dhruv R Bandikatte at 01:26:22 went to region d from region c
Dhruv R Bandikatte at 01:26:22 went to region e from region d
Dhruv R Bandikatte at 01:26:24 went to region d from region e
Dhruv R Bandikatte at 01:26:25 went to region e from region d
Dhruv R Bandikatte at 01:26:25 went to region d from region e
Dhruv R Bandikatte at 01:26:25 went to region c from region d
Dhruv R Bandikatte at 01:26:25 went to region b from region c
Dhruv R Bandikatte at 01:26:26 went to region a from region b
Dhruv R Bandikatte at 01:26:26 went to region b from region a
Dhruv R Bandikatte at 01:26:26 went to region c from region b
Dhruv R Bandikatte at 01:26:28 went to region d from region c
Dhruv R Bandikatte at 01:26:28 went to region e from region d
Dhruv R Bandikatte at 01:26:29 went to region d from region e
Dhruv R Bandikatte at 01:26:29 went to region c from region d
Dhruv R Bandikatte at 01:26:29 went to region b from region c
Dhruv R Bandikatte at 01:26:30 went to region c from region b
Dhruv R Bandikatte at 01:26:30 went to region d from region c
Dhruv R Bandikatte at 01:26:31 went to region e from region d
Dhruv R Bandikatte at 01:26:32 went to region d from region e
Dhruv R Bandikatte at 01:26:32 went to region e from region d
Dhruv R Bandikatte at 01:26:43 went to region d from region e
Dhruv R Bandikatte at 01:26:43 went to region c from region d
Dhruv R Bandikatte at 01:26:43 went to region b from region c
Dhruv R Bandikatte at 01:26:44 went to region c from region b
Dhruv R Bandikatte at 01:26:44 went to region d from region c
Dhruv R Bandikatte at 01:26:45 went to region e from region d
Dhruv R Bandikatte at 01:26:52 went to region d from region e
Dhruv R Bandikatte at 01:26:53 went to region c from region d
Dhruv R Bandikatte at 01:26:53 went to region b from region c
Dhruv R Bandikatte at 01:26:57 went to region a from region b
Dhruv R Bandikatte at 01:26:58 went to region b from region a
Dhruv R Bandikatte at 01:26:59 went to region c from region b
Dhruv R Bandikatte at 01:27:06 went to region d from region c
Dhruv R Bandikatte at 01:27:06 went to region e from region d
Dhruv R Bandikatte at 01:27:19 went to region c from region e
Dhruv R Bandikatte at 01:27:19 went to region d from region c
Dhruv R Bandikatte at 01:27:19 went to region e from region d
Dhruv R Bandikatte at 01:27:21 went to region d from region e
Dhruv R Bandikatte at 01:27:22 went to region e from region d
Dhruv R Bandikatte at 01:27:28 went to region a from region e
Dhruv R Bandikatte at 01:27:28 went to region b from region a
Dhruv R Bandikatte at 01:27:29 went to region c from region b
Dhruv R Bandikatte at 01:27:29 went to region d from region c
Dhruv R Bandikatte at 01:27:29 went to region e from region d
Dhruv R Bandikatte at 01:27:29 went to region d from region e
Dhruv R Bandikatte at 01:27:29 went to region c from region d
Dhruv R Bandikatte at 01:27:29 went to region b from region c
Dhruv R Bandikatte at 01:27:30 went to region a from region b
Dhruv R Bandikatte at 01:27:30 went to region b from region a
Dhruv R Bandikatte at 01:27:30 went to region c from region b
Dhruv R Bandikatte at 01:27:30 went to region d from region c
Dhruv R Bandikatte at 01:27:30 went to region e from region d
Dhruv R Bandikatte at 01:27:52 went to region d from region e
Dhruv R Bandikatte at 01:28:10 went to region b from region d
Dhruv R Bandikatte at 01:28:10 went to region c from region b
Dhruv R Bandikatte at 01:28:10 went to region d from region c
Dhruv R Bandikatte at 01:28:10 went to region e from region d
Dhruv R Bandikatte at 01:53:41 went to region d from region e
Dhruv R Bandikatte at 01:54:26 went to region e from region d
Dhruv R Bandikatte at 01:55:01 went to region d from region e
Dhruv R Bandikatte at 01:55:02 went to region e from region d
Dhruv R Bandikatte at 01:55:10 went to region d from region e
Dhruv R Bandikatte at 01:55:10 went to region c from region d
Dhruv R Bandikatte at 01:55:10 went to region a from region c
Dhruv R Bandikatte at 01:55:10 went to region b from region a
Dhruv R Bandikatte at 01:55:10 went to region c from region b
Dhruv R Bandikatte at 01:55:10 went to region d from region c
Dhruv R Bandikatte at 01:55:11 went to region e from region d
Dhruv R Bandikatte at 01:55:11 went to region d from region e
Dhruv R Bandikatte at 01:55:11 went to region c from region d
Dhruv R Bandikatte at 01:55:11 went to region b from region c
Dhruv R Bandikatte at 01:55:11 went to region c from region b
Dhruv R Bandikatte at 01:55:11 went to region d from region c
Dhruv R Bandikatte at 01:55:11 went to region e from region d
Dhruv R Bandikatte at 01:55:12 went to region d from region e
Dhruv R Bandikatte at 01:55:12 went to region c from region d
Dhruv R Bandikatte at 01:55:12 went to region b from region c
Dhruv R Bandikatte at 01:55:12 went to region c from region b
Dhruv R Bandikatte at 01:55:12 went to region d from region c
Dhruv R Bandikatte at 01:55:12 went to region e from region d
Dhruv R Bandikatte at 01:55:12 went to region d from region e
Dhruv R Bandikatte at 01:55:12 went to region c from region d
Dhruv R Bandikatte at 01:55:12 went to region b from region c
Dhruv R Bandikatte at 01:55:13 went to region a from region b
Dhruv R Bandikatte at 01:55:13 went to region b from region a
Dhruv R Bandikatte at 01:55:13 went to region c from region b
Dhruv R Bandikatte at 01:55:13 went to region d from region c
Dhruv R Bandikatte at 01:55:13 went to region e from region d
Dhruv R Bandikatte at 01:55:13 went to region d from region e
Dhruv R Bandikatte at 01:55:13 went to region c from region d
Dhruv R Bandikatte at 01:55:13 went to region b from region c
Dhruv R Bandikatte at 01:55:14 went to region c from region b
Dhruv R Bandikatte at 01:55:14 went to region d from region c
Dhruv R Bandikatte at 01:55:14 went to region e from region d
Dhruv R Bandikatte at 01:55:14 went to region d from region e
Dhruv R Bandikatte at 01:55:14 went to region c from region d
Dhruv R Bandikatte at 01:55:14 went to region b from region c
Dhruv R Bandikatte at 01:55:14 went to region c from region b
Dhruv R Bandikatte at 01:55:14 went to region d from region c
Dhruv R Bandikatte at 01:55:15 went to region e from region d
Dhruv R Bandikatte at 01:55:15 went to region d from region e
Dhruv R Bandikatte at 01:55:15 went to region c from region d
Dhruv R Bandikatte at 01:55:15 went to region b from region c
Dhruv R Bandikatte at 01:55:15 went to region a from region b
Dhruv R Bandikatte at 01:55:15 went to region b from region a
Dhruv R Bandikatte at 01:55:15 went to region c from region b
Dhruv R Bandikatte at 01:55:15 went to region d from region c
Dhruv R Bandikatte at 01:55:15 went to region e from region d
Dhruv R Bandikatte at 01:55:32 went to region e from region c
Dhruv R Bandikatte at 01:55:37 went to region e from region c
Dhruv R Bandikatte at 01:55:42 went to region b from region c
Dhruv R Bandikatte at 01:55:46 went to region e from region b
Dhruv R Bandikatte at 01:55:49 went to region e from region c
Dhruv R Bandikatte at 01:56:16 went to region d from region e
Dhruv R Bandikatte at 01:56:16 went to region c from region d
Dhruv R Bandikatte at 01:56:16 went to region d from region c
Dhruv R Bandikatte at 01:56:16 went to region e from region d
Dhruv R Bandikatte at 01:56:20 went to region a from region e
Dhruv R Bandikatte at 01:56:20 went to region b from region a
Dhruv R Bandikatte at 01:56:20 went to region c from region b
Dhruv R Bandikatte at 01:56:20 went to region d from region c
Dhruv R Bandikatte at 01:56:20 went to region e from region d
Dhruv R Bandikatte at 01:56:21 went to region d from region e
Dhruv R Bandikatte at 01:56:21 went to region c from region d
Dhruv R Bandikatte at 01:56:21 went to region d from region c
Dhruv R Bandikatte at 01:56:22 went to region e from region d
Dhruv R Bandikatte at 01:56:23 went to region d from region e
Dhruv R Bandikatte at 01:56:25 went to region c from region d
Dhruv R Bandikatte at 01:56:26 went to region b from region c
Dhruv R Bandikatte at 01:56:26 went to region c from region b
Dhruv R Bandikatte at 01:56:27 went to region b from region c
Dhruv R Bandikatte at 01:56:28 went to region c from region b
Dhruv R Bandikatte at 01:56:30 went to region b from region c
Dhruv R Bandikatte at 01:56:30 went to region c from region b
Dhruv R Bandikatte at 01:56:31 went to region b from region c
Dhruv R Bandikatte at 01:56:31 went to region c from region b
Dhruv R Bandikatte at 01:56:31 went to region b from region c
Dhruv R Bandikatte at 01:56:32 went to region c from region b
Dhruv R Bandikatte at 01:56:32 went to region b from region c
Dhruv R Bandikatte at 01:56:33 went to region c from region b
Dhruv R Bandikatte at 01:56:33 went to region b from region c
Dhruv R Bandikatte at 01:56:33 went to region c from region b
Dhruv R Bandikatte at 01:56:33 went to region b from region c
Dhruv R Bandikatte at 01:56:33 went to region c from region b
Dhruv R Bandikatte at 01:56:33 went to region b from region c
Dhruv R Bandikatte at 01:56:33 went to region c from region b
Dhruv R Bandikatte at 01:56:33 went to region b from region c
Dhruv R Bandikatte at 01:56:34 went to region c from region b
Dhruv R Bandikatte at 01:56:34 went to region b from region c
Dhruv R Bandikatte at 01:56:34 went to region c from region b
Dhruv R Bandikatte at 01:56:39 went to region b from region c
Dhruv R Bandikatte at 01:56:39 went to region c from region b
Dhruv R Bandikatte at 01:56:40 went to region b from region c
Dhruv R Bandikatte at 01:56:40 went to region c from region b
Dhruv R Bandikatte at 01:56:40 went to region b from region c
Dhruv R Bandikatte at 01:56:41 went to region c from region b
Dhruv R Bandikatte at 01:56:41 went to region d from region c
Dhruv R Bandikatte at 01:56:41 went to region c from region d
Dhruv R Bandikatte at 01:56:41 went to region b from region c
Dhruv R Bandikatte at 01:56:41 went to region c from region b
Dhruv R Bandikatte at 01:56:42 went to region d from region c
Dhruv R Bandikatte at 01:56:42 went to region c from region d
Dhruv R Bandikatte at 01:56:42 went to region b from region c
Dhruv R Bandikatte at 01:56:42 went to region c from region b
Dhruv R Bandikatte at 01:56:42 went to region d from region c
Dhruv R Bandikatte at 01:56:42 went to region e from region d
Dhruv R Bandikatte at 01:56:42 went to region d from region e
Dhruv R Bandikatte at 01:56:43 went to region c from region d
Dhruv R Bandikatte at 01:56:43 went to region b from region c
Dhruv R Bandikatte at 01:56:43 went to region c from region b
Dhruv R Bandikatte at 01:56:43 went to region d from region c
Dhruv R Bandikatte at 01:56:43 went to region c from region d
Dhruv R Bandikatte at 01:56:43 went to region b from region c
Dhruv R Bandikatte at 01:56:43 went to region c from region b
Dhruv R Bandikatte at 01:56:43 went to region d from region c
Dhruv R Bandikatte at 01:56:44 went to region c from region d
Dhruv R Bandikatte at 01:56:44 went to region b from region c
Dhruv R Bandikatte at 01:56:44 went to region c from region b
Dhruv R Bandikatte at 01:56:44 went to region d from region c
Dhruv R Bandikatte at 01:56:44 went to region c from region d
Dhruv R Bandikatte at 01:56:44 went to region b from region c
Dhruv R Bandikatte at 01:56:44 went to region c from region b
Dhruv R Bandikatte at 01:56:44 went to region d from region c
Dhruv R Bandikatte at 01:56:44 went to region c from region d
Dhruv R Bandikatte at 01:56:44 went to region b from region c
Dhruv R Bandikatte at 01:56:44 went to region c from region b
Dhruv R Bandikatte at 01:56:45 went to region d from region c
Dhruv R Bandikatte at 01:56:45 went to region c from region d
Dhruv R Bandikatte at 01:56:45 went to region b from region c
Dhruv R Bandikatte at 01:56:45 went to region d from region b
Dhruv R Bandikatte at 01:56:45 went to region c from region d
Dhruv R Bandikatte at 01:56:45 went to region d from region c
Dhruv R Bandikatte at 01:56:48 went to region c from region d
Dhruv R Bandikatte at 01:56:50 went to region b from region c
Dhruv R Bandikatte at 01:56:51 went to region c from region b
dsfds at 01:57:30 went to region b from region c
dsfds at 01:57:30 went to region c from region b
dsfds at 01:57:32 went to region b from region c
dsfds at 01:57:37 went to region c from region b
dsfds at 01:57:42 went to region e from region c
dsfds at 01:57:43 went to region c from region e
dsfds at 01:57:43 went to region b from region c
dsfds at 01:57:43 went to region a from region b
Dhruv R Bandikatte at 01:57:43 went to region e from region c
Dhruv R Bandikatte at 01:57:43 went to region d from region e
Dhruv R Bandikatte at 01:57:43 went to region c from region d
Dhruv R Bandikatte at 01:57:47 went to region e from region c
dsfds at 01:57:52 went to region b from region c
dsfds at 01:57:53 went to region c from region b
dsfds at 01:57:53 went to region b from region c
dsfds at 01:57:54 went to region a from region b
Dhruv R Bandikatte at 01:57:54 went to region c from region e
Dhruv R Bandikatte at 01:57:55 went to region d from region c
Dhruv R Bandikatte at 01:57:55 went to region e from region d
dsfds at 01:57:55 went to region b from region a
dsfds at 01:57:56 went to region a from region b
Dhruv R Bandikatte at 01:57:56 went to region d from region e
Dhruv R Bandikatte at 01:57:57 went to region c from region d
Dhruv R Bandikatte at 01:57:57 went to region d from region c
Dhruv R Bandikatte at 01:57:57 went to region e from region d
dsfds at 01:57:57 went to region b from region a
dsfds at 01:57:58 went to region a from region b
Dhruv R Bandikatte at 01:57:58 went to region d from region e
Dhruv R Bandikatte at 01:57:58 went to region c from region d
Dhruv R Bandikatte at 01:57:58 went to region d from region c
Dhruv R Bandikatte at 01:58:00 went to region e from region d
dsfds at 01:58:00 went to region b from region a
dsfds at 01:58:00 went to region a from region b
Dhruv R Bandikatte at 01:58:01 went to region c from region e
Dhruv R Bandikatte at 01:58:01 went to region b from region c
Dhruv R Bandikatte at 01:58:03 went to region c from region b
Dhruv R Bandikatte at 01:58:03 went to region e from region c
dsfds at 01:58:03 went to region b from region a
dsfds at 01:58:03 went to region c from region b
dsfds at 01:58:03 went to region b from region c
dsfds at 01:58:04 went to region c from region b
dsfds at 01:58:05 went to region b from region c
dsfds at 01:58:06 went to region a from region b
dsfds at 01:58:06 went to region b from region a
dsfds at 01:58:07 went to region c from region b
dsfds at 01:58:08 went to region b from region c
dsfds at 01:58:10 went to region c from region b
dsfds at 01:58:11 went to region b from region c
dsfds at 01:58:11 went to region a from region b
Dhruv R Bandikatte at 01:58:12 went to region c from region e
Dhruv R Bandikatte at 01:58:12 went to region e from region c
dsfds at 01:58:12 went to region b from region a
dsfds at 01:58:12 went to region c from region b
dsfds at 01:58:13 went to region b from region c
dsfds at 01:58:14 went to region a from region b
Dhruv R Bandikatte at 01:58:14 went to region d from region e
Dhruv R Bandikatte at 01:58:15 went to region e from region d
Dhruv R Bandikatte at 01:58:15 went to region d from region e
Dhruv R Bandikatte at 01:58:16 went to region e from region d
dsfds at 01:58:16 went to region c from region a
dsfds at 01:58:16 went to region b from region c
dsfds at 01:58:17 went to region a from region b
Dhruv R Bandikatte at 01:58:17 went to region d from region e
Dhruv R Bandikatte at 01:58:18 went to region e from region d
dsfds at 01:58:20 went to region c from region a
dsfds at 01:58:20 went to region b from region c
dsfds at 01:58:21 went to region c from region b
dsfds at 01:58:24 went to region b from region c
dsfds at 01:58:24 went to region c from region b
dsfds at 01:58:26 went to region b from region c
dsfds at 01:58:26 went to region a from region b
Dhruv R Bandikatte at 01:58:26 went to region d from region e
Dhruv R Bandikatte at 01:58:28 went to region e from region d
dsfds at 01:58:28 went to region b from region a
dsfds at 01:58:30 went to region c from region b
dsfds at 01:58:30 went to region b from region c
dsfds at 01:58:31 went to region a from region b
Dhruv R Bandikatte at 01:58:31 went to region d from region e
Dhruv R Bandikatte at 01:58:31 went to region e from region d
dsfds at 01:58:31 went to region b from region a
dsfds at 01:58:31 went to region c from region b
dsfds at 01:58:32 went to region b from region c
dsfds at 01:58:35 went to region c from region b
dsfds at 01:58:35 went to region d from region c
dsfds at 01:58:36 went to region c from region d
dsfds at 01:59:13 went to region e from region c
dsfds at 01:59:22 went to region b from region e
dsfds at 01:59:22 went to region a from region b
Dhruv R Bandikatte at 01:59:22 went to region d from region e
Dhruv R Bandikatte at 01:59:23 went to region c from region d
Dhruv R Bandikatte at 01:59:23 went to region d from region c
Dhruv R Bandikatte at 01:59:23 went to region e from region d
dsfds at 01:59:23 went to region b from region a
dsfds at 01:59:23 went to region c from region b
dsfds at 01:59:23 went to region b from region c
dsfds at 01:59:23 went to region a from region b
Dhruv R Bandikatte at 01:59:23 went to region d from region e
Dhruv R Bandikatte at 01:59:23 went to region c from region d
Dhruv R Bandikatte at 01:59:23 went to region d from region c
Dhruv R Bandikatte at 01:59:23 went to region e from region d
dsfds at 01:59:23 went to region b from region a
dsfds at 01:59:23 went to region c from region b
dsfds at 01:59:24 went to region b from region c
dsfds at 01:59:24 went to region a from region b
Dhruv R Bandikatte at 01:59:24 went to region d from region e
Dhruv R Bandikatte at 01:59:24 went to region c from region d
Dhruv R Bandikatte at 01:59:24 went to region d from region c
Dhruv R Bandikatte at 01:59:24 went to region e from region d
dsfds at 01:59:24 went to region c from region a
dsfds at 01:59:25 went to region e from region c
Dhruv R Bandikatte at 01:59:30 went to region d from region e
Dhruv R Bandikatte at 01:59:31 went to region e from region d
Dhruv R Bandikatte at 02:00:08 went to region e from region c
Dhruv R Bandikatte at 02:00:10 went to region d from region e
Dhruv R Bandikatte at 02:00:10 went to region c from region d
Dhruv R Bandikatte at 02:00:10 went to region b from region c
Dhruv R Bandikatte at 02:00:11 went to region a from region b
Dhruv R Bandikatte at 02:00:11 went to region b from region a
Dhruv R Bandikatte at 02:00:11 went to region c from region b
Dhruv R Bandikatte at 02:00:12 went to region d from region c
Dhruv R Bandikatte at 02:00:12 went to region e from region d
Dhruv R Bandikatte at 02:00:14 went to region d from region e
Dhruv R Bandikatte at 02:00:14 went to region c from region d
Dhruv R Bandikatte at 02:00:14 went to region b from region c
Dhruv R Bandikatte at 02:00:15 went to region a from region b
Dhruv R Bandikatte at 02:00:15 went to region b from region a
Dhruv R Bandikatte at 02:00:15 went to region c from region b
Dhruv R Bandikatte at 02:00:17 went to region b from region c
Dhruv R Bandikatte at 02:00:21 went to region a from region b
Dhruv R Bandikatte at 02:00:22 went to region b from region a
Dhruv R Bandikatte at 02:00:22 went to region c from region b
Dhruv R Bandikatte at 02:00:23 went to region d from region c
Dhruv R Bandikatte at 02:01:15 went to region e from region d
Dhruv R Bandikatte at 02:01:51 went to region d from region e
Dhruv R Bandikatte at 02:01:51 went to region c from region d
Dhruv R Bandikatte at 02:01:51 went to region b from region c
Dhruv R Bandikatte at 02:01:53 went to region c from region b
Dhruv R Bandikatte at 02:01:53 went to region d from region c
Dhruv R Bandikatte at 02:01:53 went to region e from region d
Dhruv R Bandikatte at 02:01:55 went to region d from region e
Dhruv R Bandikatte at 02:01:55 went to region e from region d
Dhruv R Bandikatte at 02:02:01 went to region d from region e
Dhruv R Bandikatte at 02:02:02 went to region e from region d
Dhruv R Bandikatte at 02:02:12 went to region d from region e
Dhruv R Bandikatte at 02:02:12 went to region c from region d
Dhruv R Bandikatte at 02:02:13 went to region e from region c
Dhruv R Bandikatte at 02:02:15 went to region d from region e
Dhruv R Bandikatte at 02:02:15 went to region e from region d
Dhruv R Bandikatte at 02:02:23 went to region d from region e
Dhruv R Bandikatte at 02:02:23 went to region c from region d
Dhruv R Bandikatte at 02:02:23 went to region b from region c
Dhruv R Bandikatte at 02:02:25 went to region a from region b
Dhruv R Bandikatte at 02:02:25 went to region b from region a
Dhruv R Bandikatte at 02:02:25 went to region c from region b
Dhruv R Bandikatte at 02:02:25 went to region d from region c
Dhruv R Bandikatte at 02:02:26 went to region e from region d
Dhruv R Bandikatte at 02:02:35 went to region d from region e
Dhruv R Bandikatte at 02:02:35 went to region e from region d
Dhruv R Bandikatte at 02:02:44 went to region d from region e
Dhruv R Bandikatte at 02:02:44 went to region c from region d
Dhruv R Bandikatte at 02:02:44 went to region b from region c
Dhruv R Bandikatte at 02:02:49 went to region a from region b
Dhruv R Bandikatte at 02:02:49 went to region b from region a
Dhruv R Bandikatte at 02:02:49 went to region c from region b
Dhruv R Bandikatte at 02:02:49 went to region b from region c
Dhruv R Bandikatte at 02:02:50 went to region a from region b
Dhruv R Bandikatte at 02:02:50 went to region b from region a
Dhruv R Bandikatte at 02:02:50 went to region c from region b
Dhruv R Bandikatte at 02:02:50 went to region d from region c
Dhruv R Bandikatte at 02:02:51 went to region e from region d
Dhruv R Bandikatte at 02:03:00 went to region d from region e
Dhruv R Bandikatte at 02:03:00 went to region c from region d
Dhruv R Bandikatte at 02:03:01 went to region d from region c
Dhruv R Bandikatte at 02:03:01 went to region e from region d
Dhruv R Bandikatte at 02:08:25 went to region e from region c
Dhruv R Bandikatte at 02:08:41 went to region d from region e
mahi at 02:09:09 went to region e from region c
Dhruv R Bandikatte at 02:09:10 went to region e from region d
mahi at 02:09:22 went to region d from region e
mahi at 02:09:22 went to region c from region d
mahi at 02:09:22 went to region d from region c
mahi at 02:09:26 went to region d from region c
mahi at 02:09:26 went to region e from region d
Dhruv R Bandikatte at 02:09:41 went to region d from region e
Dhruv R Bandikatte at 02:09:41 went to region c from region d
mahi at 02:09:46 went to region d from region c
Dhruv R Bandikatte at 02:09:46 went to region d from region c
mahi at 02:10:18 went to region e from region d
Dhruv R Bandikatte at 02:10:19 went to region e from region d
Dhruv R Bandikatte at 02:17:36 went to region c from region e
Dhruv R Bandikatte at 02:17:36 went to region b from region c
Dhruv R Bandikatte at 02:17:37 went to region a from region b
Dhruv R Bandikatte at 02:17:37 went to region b from region a
Dhruv R Bandikatte at 02:17:37 went to region c from region b
Dhruv R Bandikatte at 02:17:37 went to region b from region c
Dhruv R Bandikatte at 02:17:37 went to region a from region b
Dhruv R Bandikatte at 02:17:38 went to region b from region a
Dhruv R Bandikatte at 02:17:38 went to region c from region b
Dhruv R Bandikatte at 02:17:38 went to region d from region c
Dhruv R Bandikatte at 02:17:49 went to region c from region d
Dhruv R Bandikatte at 02:17:50 went to region b from region c
Dhruv R Bandikatte at 02:17:50 went to region a from region b
Dhruv R Bandikatte at 02:17:50 went to region b from region a
Dhruv R Bandikatte at 02:17:51 went to region a from region b
Dhruv R Bandikatte at 02:17:51 went to region b from region a
Dhruv R Bandikatte at 02:17:51 went to region c from region b
Dhruv R Bandikatte at 02:17:52 went to region d from region c
Dhruv R Bandikatte at 02:18:19 went to region e from region d
Dhruv R Bandikatte at 02:18:20 went to region d from region e
Dhruv R Bandikatte at 02:18:27 went to region e from region d
mahi at 02:18:46 went to region e from region c
mahi at 02:18:46 went to region d from region e
mahi at 02:18:50 went to region d from region c
mahi at 02:18:51 went to region c from region d
mahi at 02:18:51 went to region d from region c
mahi at 02:18:54 went to region e from region d
mahi at 02:18:54 went to region d from region e
mahi at 02:18:55 went to region c from region d
mahi at 02:18:55 went to region d from region c
mahi at 02:18:55 went to region e from region d
Dhruv R Bandikatte at 02:18:56 went to region d from region e
Dhruv R Bandikatte at 02:18:56 went to region e from region d
Dhruv R Bandikatte at 02:18:56 went to region d from region e
Dhruv R Bandikatte at 02:18:56 went to region e from region d
Dhruv R Bandikatte at 02:18:57 went to region d from region e
Dhruv R Bandikatte at 02:18:58 went to region e from region d
Dhruv R Bandikatte at 02:18:58 went to region d from region e
Dhruv R Bandikatte at 02:18:58 went to region c from region d
Dhruv R Bandikatte at 02:18:58 went to region d from region c
mahi at 02:18:59 went to region d from region e
Dhruv R Bandikatte at 02:19:01 went to region c from region d
Dhruv R Bandikatte at 02:19:02 went to region b from region c
mahi at 02:19:04 went to region b from region d
mahi at 02:19:04 went to region c from region b
mahi at 02:19:04 went to region d from region c
Dhruv R Bandikatte at 02:19:05 went to region d from region b
Dhruv R Bandikatte at 02:19:06 went to region e from region d
Dhruv R Bandikatte at 02:19:06 went to region d from region e
Dhruv R Bandikatte at 02:19:10 went to region e from region d
Dhruv R Bandikatte at 02:19:22 went to region d from region e
Dhruv R Bandikatte at 02:19:22 went to region c from region d
Dhruv R Bandikatte at 02:19:22 went to region d from region c
Dhruv R Bandikatte at 02:19:22 went to region e from region d
Dhruv R Bandikatte at 02:19:35 went to region d from region e
Dhruv R Bandikatte at 02:19:35 went to region e from region d
Dhruv R Bandikatte at 02:22:17 went to region d from region e
Dhruv R Bandikatte at 02:22:17 went to region c from region d
Dhruv R Bandikatte at 02:22:18 went to region d from region c
Dhruv R Bandikatte at 02:22:18 went to region e from region d
Dhruv R Bandikatte at 02:22:18 went to region d from region e
Dhruv R Bandikatte at 02:22:19 went to region e from region d
Dhruv R Bandikatte at 02:23:09 went to region d from region e
Dhruv R Bandikatte at 02:23:09 went to region e from region d
Dhruv R Bandikatte at 02:26:05 went to region e from region c
Dhruv R Bandikatte at 02:26:05 went to region d from region e
Dhruv R Bandikatte at 02:26:05 went to region e from region d
Dhruv R Bandikatte at 02:26:06 went to region d from region e
Dhruv R Bandikatte at 02:26:07 went to region e from region d
Dhruv R Bandikatte at 02:26:08 went to region d from region e
Dhruv R Bandikatte at 02:26:10 went to region c from region d
Dhruv R Bandikatte at 02:26:12 went to region d from region c
Dhruv R Bandikatte at 02:26:12 went to region c from region d
Dhruv R Bandikatte at 02:26:13 went to region d from region c
Dhruv R Bandikatte at 02:26:13 went to region c from region d
Dhruv R Bandikatte at 02:26:13 went to region d from region c
Dhruv R Bandikatte at 02:26:18 went to region c from region d
Dhruv R Bandikatte at 02:26:18 went to region d from region c
Dhruv R Bandikatte at 02:26:33 went to region e from region c
Dhruv R Bandikatte at 02:26:34 went to region d from region e
Dhruv R Bandikatte at 02:26:34 went to region e from region d
Dhruv R Bandikatte at 02:32:30 went to region d from region e
Dhruv R Bandikatte at 02:32:40 went to region e from region d
Dhruv R Bandikatte at 02:37:24 went to region d from region e
Dhruv R Bandikatte at 02:37:24 went to region a from region d
Dhruv R Bandikatte at 02:37:25 went to region b from region a
Dhruv R Bandikatte at 02:37:25 went to region c from region b
Dhruv R Bandikatte at 02:37:25 went to region d from region c
Dhruv R Bandikatte at 02:37:25 went to region c from region d
Dhruv R Bandikatte at 02:37:25 went to region b from region c
Dhruv R Bandikatte at 02:37:25 went to region a from region b
Dhruv R Bandikatte at 02:37:25 went to region b from region a
Dhruv R Bandikatte at 02:37:25 went to region c from region b
Dhruv R Bandikatte at 02:37:25 went to region d from region c
Dhruv R Bandikatte at 02:37:26 went to region e from region d
Dhruv R Bandikatte at 02:37:39 went to region d from region e
Dhruv R Bandikatte at 02:37:40 went to region e from region d
Dhruv R Bandikatte at 02:37:40 went to region d from region e
Dhruv R Bandikatte at 02:37:43 went to region e from region d
Dhruv R Bandikatte at 02:37:48 went to region d from region e
Dhruv R Bandikatte at 02:37:49 went to region e from region d
Dhruv R Bandikatte at 02:39:36 went to region d from region e
Dhruv R Bandikatte at 02:39:36 went to region c from region d
Dhruv R Bandikatte at 02:39:36 went to region b from region c
Dhruv R Bandikatte at 02:39:38 went to region c from region b
Dhruv R Bandikatte at 02:39:38 went to region d from region c
Dhruv R Bandikatte at 02:39:38 went to region c from region d
Dhruv R Bandikatte at 02:39:38 went to region b from region c
Dhruv R Bandikatte at 02:39:41 went to region a from region b
Dhruv R Bandikatte at 02:39:42 went to region b from region a
Dhruv R Bandikatte at 02:39:42 went to region c from region b
Dhruv R Bandikatte at 02:39:43 went to region d from region c
Dhruv R Bandikatte at 02:39:44 went to region e from region d
Dhruv R Bandikatte at 02:39:44 went to region d from region e
Dhruv R Bandikatte at 02:39:45 went to region c from region d
Dhruv R Bandikatte at 02:39:45 went to region d from region c
Dhruv R Bandikatte at 02:39:45 went to region c from region d
Dhruv R Bandikatte at 02:39:46 went to region b from region c
Dhruv R Bandikatte at 02:39:46 went to region c from region b
Dhruv R Bandikatte at 02:39:48 went to region d from region c
Dhruv R Bandikatte at 02:39:48 went to region e from region d
Dhruv R Bandikatte at 02:39:48 went to region d from region e
Dhruv R Bandikatte at 02:39:48 went to region c from region d
Dhruv R Bandikatte at 02:39:48 went to region b from region c
Dhruv R Bandikatte at 02:39:48 went to region c from region b
Dhruv R Bandikatte at 02:39:48 went to region d from region c
Dhruv R Bandikatte at 02:39:49 went to region e from region d
Dhruv R Bandikatte at 02:39:49 went to region d from region e
Dhruv R Bandikatte at 02:39:49 went to region c from region d
Dhruv R Bandikatte at 02:39:49 went to region d from region c
Dhruv R Bandikatte at 02:39:49 went to region e from region d
Dhruv R Bandikatte at 02:39:51 went to region d from region e
Dhruv R Bandikatte at 02:39:51 went to region c from region d
Dhruv R Bandikatte at 02:39:51 went to region b from region c
Dhruv R Bandikatte at 02:39:51 went to region c from region b
Dhruv R Bandikatte at 02:39:51 went to region d from region c
Dhruv R Bandikatte at 02:39:51 went to region e from region d
Dhruv R Bandikatte at 02:39:53 went to region d from region e
Dhruv R Bandikatte at 02:39:57 went to region e from region d
Dhruv R Bandikatte at 02:40:01 went to region d from region e
Dhruv R Bandikatte at 02:40:01 went to region c from region d
Dhruv R Bandikatte at 02:40:01 went to region d from region c
Dhruv R Bandikatte at 02:40:02 went to region e from region d
Dhruv R Bandikatte at 02:40:02 went to region d from region e
Dhruv R Bandikatte at 02:40:02 went to region c from region d
Dhruv R Bandikatte at 02:40:02 went to region d from region c
Dhruv R Bandikatte at 02:40:03 went to region e from region d
Dhruv R Bandikatte at 02:40:03 went to region d from region e
Dhruv R Bandikatte at 02:43:40 went to region e from region d
Dhruv R Bandikatte at 02:43:40 went to region d from region e
Dhruv R Bandikatte at 02:43:40 went to region e from region d
Dhruv R Bandikatte at 02:50:50 went to region e from region c
Dhruv R Bandikatte at 02:51:03 went to region d from region e
Dhruv R Bandikatte at 02:51:03 went to region c from region d
Dhruv R Bandikatte at 02:51:03 went to region b from region c
Dhruv R Bandikatte at 02:51:04 went to region c from region b
Dhruv R Bandikatte at 02:51:05 went to region d from region c
Dhruv R Bandikatte at 02:51:05 went to region e from region d
Dhruv R Bandikatte at 02:51:11 went to region c from region e
Dhruv R Bandikatte at 02:51:11 went to region d from region c
Dhruv R Bandikatte at 02:51:12 went to region e from region d
Dhruv R Bandikatte at 02:52:40 went to region d from region e
Dhruv R Bandikatte at 02:52:41 went to region e from region d
Dhruv R Bandikatte at 02:57:57 went to region e from region c
Dhruv R Bandikatte at 02:58:01 went to region d from region e
Dhruv R Bandikatte at 02:58:01 went to region c from region d
Dhruv R Bandikatte at 02:58:01 went to region b from region c
Dhruv R Bandikatte at 02:58:01 went to region c from region b
Dhruv R Bandikatte at 02:58:01 went to region d from region c
Dhruv R Bandikatte at 02:58:06 went to region c from region d
Dhruv R Bandikatte at 02:58:06 went to region d from region c
Dhruv R Bandikatte at 02:58:07 went to region e from region d
Dhruv R Bandikatte at 03:01:16 went to region b from region c
Dhruv R Bandikatte at 03:01:17 went to region c from region b
Dhruv R Bandikatte at 03:01:17 went to region d from region c
Dhruv R Bandikatte at 03:01:17 went to region e from region d
Dhruv R Bandikatte at 03:01:57 went to region d from region e
Dhruv R Bandikatte at 03:02:20 went to region c from region d
Dhruv R Bandikatte at 03:02:20 went to region b from region c
Dhruv R Bandikatte at 03:02:23 went to region a from region b
Dhruv R Bandikatte at 03:02:23 went to region b from region a
Dhruv R Bandikatte at 03:02:23 went to region c from region b
Dhruv R Bandikatte at 03:02:25 went to region d from region c
Dhruv R Bandikatte at 03:02:26 went to region c from region d
Dhruv R Bandikatte at 03:02:26 went to region d from region c
Dhruv R Bandikatte at 03:02:27 went to region e from region d
Dhruv R Bandikatte at 03:02:36 went to region d from region e
Dhruv R Bandikatte at 03:02:40 went to region c from region d
Dhruv R Bandikatte at 03:02:41 went to region d from region c
Dhruv R Bandikatte at 03:02:41 went to region e from region d
Dhruv R Bandikatte at 03:02:42 went to region d from region e
Dhruv R Bandikatte at 03:02:43 went to region e from region d
Dhruv R Bandikatte at 03:02:46 went to region d from region e
Dhruv R Bandikatte at 03:02:46 went to region e from region d
Dhruv R Bandikatte at 03:02:47 went to region d from region e
Dhruv R Bandikatte at 03:02:48 went to region e from region d
Dhruv R Bandikatte at 03:02:54 went to region d from region e
Dhruv R Bandikatte at 03:02:55 went to region e from region d
Dhruv R Bandikatte at 03:02:56 went to region d from region e
Dhruv R Bandikatte at 03:02:57 went to region e from region d
Dhruv R Bandikatte at 03:03:00 went to region d from region e
Dhruv R Bandikatte at 03:03:04 went to region c from region d
Dhruv R Bandikatte at 03:03:10 went to region d from region c
Dhruv R Bandikatte at 03:03:11 went to region e from region d
Dhruv R Bandikatte at 03:03:16 went to region d from region e
Dhruv R Bandikatte at 03:03:16 went to region c from region d
Dhruv R Bandikatte at 03:03:16 went to region d from region c
Dhruv R Bandikatte at 03:03:16 went to region e from region d
Dhruv R Bandikatte at 03:03:16 went to region d from region e
Dhruv R Bandikatte at 03:03:17 went to region e from region d
Dhruv R Bandikatte at 03:03:17 went to region d from region e
Dhruv R Bandikatte at 03:03:34 went to region e from region d
Dhruv R Bandikatte at 03:03:49 went to region d from region e
Dhruv R Bandikatte at 03:03:51 went to region e from region d
Dhruv R Bandikatte at 03:03:52 went to region d from region e
Dhruv R Bandikatte at 03:03:52 went to region c from region d
Dhruv R Bandikatte at 03:03:52 went to region b from region c
Dhruv R Bandikatte at 03:03:52 went to region a from region b
Dhruv R Bandikatte at 03:03:53 went to region b from region a
Dhruv R Bandikatte at 03:03:53 went to region c from region b
Dhruv R Bandikatte at 03:03:53 went to region d from region c
Dhruv R Bandikatte at 03:03:53 went to region e from region d
Dhruv R Bandikatte at 03:03:53 went to region d from region e
Dhruv R Bandikatte at 03:03:53 went to region c from region d
Dhruv R Bandikatte at 03:03:53 went to region b from region c
Dhruv R Bandikatte at 03:03:53 went to region c from region b
Dhruv R Bandikatte at 03:03:53 went to region e from region c
Dhruv R Bandikatte at 03:03:54 went to region d from region e
Dhruv R Bandikatte at 03:03:54 went to region c from region d
Dhruv R Bandikatte at 03:03:54 went to region b from region c
Dhruv R Bandikatte at 03:03:54 went to region c from region b
Dhruv R Bandikatte at 03:03:54 went to region d from region c
Dhruv R Bandikatte at 03:03:54 went to region e from region d
Dhruv R Bandikatte at 03:03:54 went to region d from region e
Dhruv R Bandikatte at 03:03:54 went to region c from region d
Dhruv R Bandikatte at 03:03:54 went to region b from region c
Dhruv R Bandikatte at 03:03:54 went to region c from region b
Dhruv R Bandikatte at 03:03:54 went to region d from region c
Dhruv R Bandikatte at 03:03:54 went to region e from region d
Dhruv R Bandikatte at 03:03:54 went to region d from region e
Dhruv R Bandikatte at 03:04:02 went to region e from region d
Dhruv R Bandikatte at 03:04:05 went to region d from region e
Dhruv R Bandikatte at 03:04:05 went to region c from region d
Dhruv R Bandikatte at 03:04:05 went to region b from region c
Dhruv R Bandikatte at 03:04:08 went to region a from region b
Dhruv R Bandikatte at 03:04:08 went to region b from region a
Dhruv R Bandikatte at 03:04:13 went to region c from region b
Dhruv R Bandikatte at 03:04:13 went to region d from region c
Dhruv R Bandikatte at 03:04:13 went to region e from region d
Dhruv R Bandikatte at 03:04:15 went to region d from region e
Dhruv R Bandikatte at 03:04:16 went to region c from region d
Dhruv R Bandikatte at 03:04:16 went to region b from region c
Dhruv R Bandikatte at 03:04:16 went to region a from region b
Dhruv R Bandikatte at 03:04:17 went to region b from region a
Dhruv R Bandikatte at 03:04:17 went to region c from region b
Dhruv R Bandikatte at 03:04:17 went to region d from region c
Dhruv R Bandikatte at 03:04:17 went to region e from region d
Dhruv R Bandikatte at 03:04:17 went to region d from region e
Dhruv R Bandikatte at 03:04:17 went to region c from region d
Dhruv R Bandikatte at 03:04:17 went to region b from region c
Dhruv R Bandikatte at 03:04:17 went to region a from region b
Dhruv R Bandikatte at 03:04:18 went to region b from region a
Dhruv R Bandikatte at 03:04:18 went to region c from region b
Dhruv R Bandikatte at 03:04:18 went to region d from region c
Dhruv R Bandikatte at 03:04:18 went to region e from region d
Dhruv R Bandikatte at 03:04:18 went to region d from region e
Dhruv R Bandikatte at 03:04:20 went to region c from region d
Dhruv R Bandikatte at 03:04:20 went to region b from region c
Dhruv R Bandikatte at 03:04:23 went to region c from region b
Dhruv R Bandikatte at 03:04:23 went to region d from region c
Dhruv R Bandikatte at 03:04:23 went to region e from region d
Dhruv R Bandikatte at 03:04:26 went to region d from region e
Dhruv R Bandikatte at 03:04:27 went to region e from region d
Dhruv R Bandikatte at 03:04:29 went to region d from region e
Dhruv R Bandikatte at 03:04:29 went to region e from region d
Dhruv R Bandikatte at 03:04:31 went to region d from region e
Dhruv R Bandikatte at 03:04:31 went to region e from region d
Dhruv R Bandikatte at 03:04:31 went to region d from region e
Dhruv R Bandikatte at 03:04:31 went to region c from region d
Dhruv R Bandikatte at 03:04:31 went to region d from region c
Dhruv R Bandikatte at 03:04:34 went to region c from region d
Dhruv R Bandikatte at 03:04:35 went to region d from region c
Dhruv R Bandikatte at 03:05:22 went to region e from region d
Dhruv R Bandikatte at 03:44:23 went to region e from region c
Dhruv R Bandikatte at 03:44:24 went to region d from region e
Dhruv R Bandikatte at 03:44:24 went to region c from region d
Dhruv R Bandikatte at 03:44:24 went to region a from region c
Dhruv R Bandikatte at 03:44:25 went to region b from region a
Dhruv R Bandikatte at 03:44:25 went to region c from region b
Dhruv R Bandikatte at 03:44:25 went to region d from region c
Dhruv R Bandikatte at 03:44:25 went to region c from region d
Dhruv R Bandikatte at 03:44:25 went to region b from region c
Dhruv R Bandikatte at 03:44:26 went to region c from region b
Dhruv R Bandikatte at 03:44:26 went to region b from region c
Dhruv R Bandikatte at 03:44:27 went to region a from region b
Dhruv R Bandikatte at 03:44:27 went to region b from region a
Dhruv R Bandikatte at 03:44:27 went to region c from region b
Dhruv R Bandikatte at 03:44:27 went to region d from region c
Dhruv R Bandikatte at 03:44:30 went to region e from region d
Dhruv R Bandikatte at 03:44:31 went to region d from region e
Dhruv R Bandikatte at 03:44:32 went to region e from region d
Dhruv R Bandikatte at 03:44:38 went to region b from region e
Dhruv R Bandikatte at 03:44:38 went to region c from region b
Dhruv R Bandikatte at 03:44:38 went to region d from region c
Dhruv R Bandikatte at 03:44:38 went to region e from region d
Dhruv R Bandikatte at 03:44:40 went to region d from region e
Dhruv R Bandikatte at 03:44:40 went to region e from region d
Dhruv R Bandikatte at 03:44:41 went to region d from region e
Dhruv R Bandikatte at 03:44:43 went to region b from region d
Dhruv R Bandikatte at 03:44:43 went to region c from region b
Dhruv R Bandikatte at 03:44:43 went to region d from region c
Dhruv R Bandikatte at 03:44:44 went to region c from region d
Dhruv R Bandikatte at 03:44:44 went to region b from region c
Dhruv R Bandikatte at 03:44:44 went to region a from region b
Dhruv R Bandikatte at 03:44:56 went to region b from region a
Dhruv R Bandikatte at 03:44:56 went to region d from region b
Dhruv R Bandikatte at 03:44:56 went to region e from region d
Dhruv R Bandikatte at 03:45:03 went to region d from region c
Dhruv R Bandikatte at 03:45:03 went to region e from region d
Dhruv R Bandikatte at 03:45:03 went to region d from region e
Dhruv R Bandikatte at 03:45:04 went to region e from region d
Dhruv R Bandikatte at 03:45:04 went to region d from region e
Dhruv R Bandikatte at 03:46:41 went to region e from region c
Dhruv R Bandikatte at 03:46:42 went to region d from region e
Dhruv R Bandikatte at 03:46:42 went to region c from region d
Dhruv R Bandikatte at 03:46:42 went to region b from region c
Dhruv R Bandikatte at 03:46:44 went to region c from region b
Dhruv R Bandikatte at 03:46:44 went to region d from region c
Dhruv R Bandikatte at 03:46:44 went to region e from region d
Dhruv R Bandikatte at 03:47:03 went to region d from region e
drb at 03:48:59 went to region e from region c
drb at 03:48:59 went to region d from region e
drb at 03:48:59 went to region c from region d
drb at 03:49:14 went to region d from region c
drb at 03:49:14 went to region e from region d
drb at 03:49:15 went to region d from region e
drb at 03:49:15 went to region e from region d
drb at 03:49:15 went to region d from region e
drb at 03:49:15 went to region c from region d
drb at 03:49:22 went to region b from region c
drb at 03:49:22 went to region c from region b
drb at 03:49:22 went to region d from region c
drb at 03:49:22 went to region e from region d
drb at 03:49:23 went to region d from region e
drb at 03:49:23 went to region c from region d
drb at 03:49:25 went to region b from region c
drb at 03:49:25 went to region c from region b
drb at 03:49:26 went to region d from region c
drb at 03:49:34 went to region c from region d
drb at 03:49:43 went to region d from region c
drb at 03:49:44 went to region e from region d
drb at 03:49:46 went to region d from region e
drb at 03:49:46 went to region c from region d
drb at 03:49:46 went to region b from region c
drb at 03:49:49 went to region c from region b
drb at 03:49:49 went to region d from region c
drb at 03:49:49 went to region e from region d
drb at 03:49:50 went to region d from region e
drb at 03:49:50 went to region e from region d
drb at 03:49:53 went to region d from region e
drb at 03:49:53 went to region c from region d
drb at 03:50:03 went to region d from region c
drb at 03:50:03 went to region e from region d
drb at 03:50:08 went to region b from region e
drb at 03:50:08 went to region e from region b
drb at 03:50:29 went to region d from region c
drb at 03:50:32 went to region d from region c
drb at 03:50:32 went to region e from region d
drb at 03:50:36 went to region d from region e
drb at 03:50:36 went to region e from region d
drb at 03:50:36 went to region d from region e
drb at 03:50:52 went to region e from region d
drb at 03:52:11 went to region d from region e
drb at 03:52:11 went to region c from region d
drb at 03:52:11 went to region e from region c
drb at 03:55:05 went to region d from region c
drb at 03:55:05 went to region c from region d
drb at 03:55:08 went to region b from region c
drb at 03:55:08 went to region c from region b
drb at 03:55:08 went to region b from region c
drb at 03:55:10 went to region e from region c
drb at 03:55:11 went to region d from region e
drb at 03:55:13 went to region e from region d
drb at 03:55:46 went to region d from region e
drb at 03:55:46 went to region c from region d
drb at 03:55:47 went to region d from region c
drb at 03:55:53 went to region e from region d
drb at 03:55:53 went to region d from region e
drb at 03:55:54 went to region e from region d
drb at 03:55:54 went to region d from region e
drb at 03:55:54 went to region c from region d
drb at 03:55:54 went to region b from region c
drb at 03:55:54 went to region c from region b
drb at 03:55:54 went to region d from region c
drb at 03:55:54 went to region c from region d
drb at 03:55:54 went to region d from region c
drb at 03:55:54 went to region e from region d
drb at 03:55:55 went to region d from region e
drb at 03:55:55 went to region c from region d
drb at 03:55:55 went to region d from region c
drb at 03:56:02 went to region e from region d
drb at 03:56:02 went to region d from region e
drb at 03:56:04 went to region c from region d
drb at 03:56:04 went to region d from region c
drb at 03:56:04 went to region e from region d
drb at 03:56:04 went to region d from region e
drb at 03:56:04 went to region c from region d
drb at 03:56:06 went to region b from region c
drb at 03:56:06 went to region c from region b
drb at 03:56:06 went to region d from region c
drb at 03:56:06 went to region c from region d
drb at 03:56:06 went to region b from region c
drb at 03:56:06 went to region a from region b
drb at 03:56:06 went to region b from region a
drb at 03:56:06 went to region c from region b
drb at 03:56:06 went to region b from region c
